// Jest Snapshot v1, https://goo.gl/fbAQLP

exports[`<NavLinks /> should match snapshot 1`] = `
.c1 {
  font-size: 1.6rem;
  display: block;
  -webkit-text-decoration: none;
  text-decoration: none;
  padding: 1.6rem;
  color: #0A1128;
  position: relative;
}

.c1::after {
  content: '';
  position: absolute;
  bottom: 0.75rem;
  left: 50%;
  width: 0;
  height: 0.2rem;
  background: #dc143c;
  -webkit-transition: all 300ms ease-in-out;
  transition: all 300ms ease-in-out;
}

.c1:hover::after {
  left: 25%;
  width: 50%;
}

.c0 {
  display: -webkit-box;
  display: -webkit-flex;
  display: -ms-flexbox;
  display: flex;
  -webkit-flex-flow: row wrap;
  -ms-flex-flow: row wrap;
  flex-flow: row wrap;
}

@media (max-width:768px) {
  .c0 {
    -webkit-flex-flow: column nowrap;
    -ms-flex-flow: column nowrap;
    flex-flow: column nowrap;
    -webkit-align-items: center;
    -webkit-box-align: center;
    -ms-flex-align: center;
    align-items: center;
    -webkit-box-pack: center;
    -webkit-justify-content: center;
    -ms-flex-pack: center;
    justify-content: center;
  }
}

<nav
  class="c0"
>
  <a
    class="c1"
    href="#inicio"
    target="_self"
  >
    Inicio
  </a>
  <a
    class="c1"
    href="#Link 2"
    target="_self"
  >
    Link 2
  </a>
  <a
    class="c1"
    href="#Link 3"
    target="_self"
  >
    Link 3
  </a>
  <a
    class="c1"
    href="#Link 4"
    target="_self"
  >
    Link 4
  </a>
  <a
    class="c1"
    href="#Link 5"
    target="_self"
  >
    Link 5
  </a>
  <a
    class="c1"
    href="#Link 6"
    target="_self"
  >
    Link 6
  </a>
  <a
    class="c1"
    href="#Link7"
    target="_self"
  >
    Link7
  </a>
  <a
    class="c1"
    href="#Link8"
    target="_self"
  >
    Link8
  </a>
  <a
    class="c1"
    href="#Link9"
    target="_self"
  >
    Link9
  </a>
  <a
    class="c1"
    href="#Link 10"
    target="_self"
  >
    Link 10
  </a>
</nav>
`;
